<html>
<body>
<pre>
<h1>礦ision Build Log</h1>
<h2>Tool Versions:</h2>
IDE-Version: μVision V5.23.0.0
Copyright (C) 2017 ARM Ltd and ARM Germany GmbH. All rights reserved.
License Information: 1 1, 1, LIC=JDAUH-WEDDI-ZDHK6-DE4J5-QL625-2TCTM
 
Tool Versions:
Toolchain:       MDK-ARM Professional  Version: 5.23
Toolchain Path:  C:\Keil_v5\ARM\ARMCC\Bin
C Compiler:      Armcc.exe V5.06 update 4 (build 422)
Assembler:       Armasm.exe V5.06 update 4 (build 422)
Linker/Locator:  ArmLink.exe V5.06 update 4 (build 422)
Library Manager: ArmAr.exe V5.06 update 4 (build 422)
Hex Converter:   FromElf.exe V5.06 update 4 (build 422)
CPU DLL:         SARMCM3.DLL V5.23
Dialog DLL:      DCM.DLL V1.15.0.0
Target DLL:      Segger\JL2CM3.dll V2.99.23.0
Dialog DLL:      TCM.DLL V1.27.0.0
 
<h2>Project:</h2>
F:\embedsoft\autochange\USER\UDISK.uvprojx
Project File Date:  04/07/2017

<h2>Output:</h2>
*** Using Compiler 'V5.06 update 4 (build 422)', folder: 'C:\Keil_v5\ARM\ARMCC\Bin'
Build target 'UDISK'
compiling led.c...
..\HARDWARE\LED\led.c(375): warning:  #186-D: pointless comparison of unsigned integer with zero
                      if(( gs_selch.selch1num >= 0 )&&( gs_selch.selch1num < 8 )) {  //工作通道闪烁
..\HARDWARE\LED\led.c(383): warning:  #186-D: pointless comparison of unsigned integer with zero
                      if(( gs_selch.selch2num >= 0 )&&( gs_selch.selch2num < 8 )) {  //工作通道闪烁
..\HARDWARE\LED\led.c(357): warning:  #550-D: variable "systime"  was set but never used
      static  u32 systime;
..\HARDWARE\LED\led.c(426): warning:  #550-D: variable "systime"  was set but never used
      static  u32 systime;
..\HARDWARE\LED\led.c(603): warning:  #223-D: function "ReadFM24CL64" declared implicitly
      ReadFM24CL64( FRAM_SEL_CH_ADDR,(uint8 *)&gs_selch,sizeof(gs_selch));//读通道数据
..\HARDWARE\LED\led.c(604): warning:  #223-D: function "GetCrc16Check" declared implicitly
      if(gs_selch.crc16 != GetCrc16Check((uint8 *)&gs_selch,sizeof(gs_selch)-2) )
..\HARDWARE\LED\led.c(612): warning:  #223-D: function "WriteFM24CL64" declared implicitly
          WriteFM24CL64( FRAM_SEL_CH_ADDR,(uint8 *)&gs_selch,sizeof(gs_selch));
..\HARDWARE\LED\led.c(602): warning:  #177-D: variable "sel"  was declared but never referenced
      uint8   sel;
..\HARDWARE\LED\led.c: 8 warnings, 0 errors
linking...
Program Size: Code=114914 RO-data=10918 RW-data=1432 ZI-data=1230552  
FromELF: creating hex file...
After Build - User command #1: C:\Keil_v5\ARM\ARMCC\bin\fromelf.exe  --bin -o  "..\OBJ\UDISK.bin" "..\OBJ\UDISK.axf"
"..\OBJ\UDISK.axf" - 0 Error(s), 8 Warning(s).

<h2>Collection of Component include folders:</h2>
  .\RTE\_UDISK
  C:\Keil_v5\ARM\PACK\Keil\STM32F4xx_DFP\2.11.0\Drivers\CMSIS\Device\ST\STM32F4xx\Include

<h2>Collection of Component Files used:</h2>
Build Time Elapsed:  00:00:01
</pre>
</body>
</html>
